[html.themehour.net/atek/index.html]
[backblue.gif]
[fade.gif]
[index.html]
[html.themehour.net/atek/assets/img/favicons/apple-icon-57x57.png]
[html.themehour.net/atek/assets/img/favicons/apple-icon-60x60.png]
[html.themehour.net/atek/assets/img/favicons/apple-icon-72x72.png]
[html.themehour.net/atek/assets/img/favicons/apple-icon-76x76.png]
[html.themehour.net/atek/assets/img/favicons/apple-icon-114x114.png]
[html.themehour.net/atek/assets/img/favicons/apple-icon-120x120.png]
[html.themehour.net/atek/assets/img/favicons/apple-icon-144x144.png]
[html.themehour.net/atek/assets/img/favicons/apple-icon-152x152.png]
[html.themehour.net/atek/assets/img/favicons/apple-icon-180x180.png]
[html.themehour.net/atek/assets/img/favicons/android-icon-192x192.png]
[html.themehour.net/atek/assets/img/favicons/favicon-32x32.png]
[html.themehour.net/atek/assets/img/favicons/favicon-96x96.png]
[html.themehour.net/atek/assets/img/favicons/favicon-16x16.png]
[html.themehour.net/atek/assets/img/favicons/manifest.json]
[html.themehour.net/atek/assets/img/favicons/ms-icon-144x144.png]
[html.themehour.net/atek/assets/css/bootstrap.min.css]
[html.themehour.net/atek/assets/css/swiper-bundle.min.css]
[html.themehour.net/atek/assets/css/style.css]
[html.themehour.net/atek/index-2.html]
[html.themehour.net/atek/assets/img/logo2.svg]
[html.themehour.net/atek/assets/img/logo.svg]
[html.themehour.net/atek/assets/img/logo-icon.svg]
[html.themehour.net/atek/assets/img/hero-bg.jpg]
[html.themehour.net/atek/assets/img/icons/html5.svg]
[html.themehour.net/atek/assets/img/icons/css3.svg]
[html.themehour.net/atek/assets/img/icons/sass2.svg]
[html.themehour.net/atek/assets/img/icons/bootstrap.svg]
[html.themehour.net/atek/assets/img/icons/code.svg]
[html.themehour.net/atek/assets/img/hero-thumb.png]
[html.themehour.net/atek/assets/img/icons/sass.svg]
[html.themehour.net/atek/assets/img/icons/google_font.svg]
[html.themehour.net/atek/assets/img/icons/docs.svg]
[html.themehour.net/atek/assets/img/icons/support.svg]
[html.themehour.net/atek/assets/img/icons/w3c.svg]
[html.themehour.net/atek/assets/img/icons/responsive.svg]
[html.themehour.net/atek/assets/img/icons/font_awesome.svg]
[html.themehour.net/atek/assets/img/icons/swiper.svg]
[html.themehour.net/atek/assets/img/icons/jquery.svg]
[html.themehour.net/atek/assets/img/icons/seo.svg]
[html.themehour.net/atek/assets/img/pages/index.jpg]
[html.themehour.net/atek/demo/index.html]
[html.themehour.net/atek/assets/img/pages/home-startup-tech-agency.jpg]
[html.themehour.net/atek/demo/home-startup-tech-agency.html]
[html.themehour.net/atek/assets/img/pages/home-ai-machine.jpg]
[html.themehour.net/atek/demo/home-ai-machine.html]
[html.themehour.net/atek/assets/img/pages/home-consulting.jpg]
[html.themehour.net/atek/demo/home-consulting.html]
[html.themehour.net/atek/assets/img/pages/home-cloud.jpg]
[html.themehour.net/atek/demo/home-cloud.html]
[html.themehour.net/atek/assets/img/pages/home-startup.jpg]
[html.themehour.net/atek/demo/home-startup.html]
[html.themehour.net/atek/assets/img/pages/home-cybersecurity.jpg]
[html.themehour.net/atek/demo/home-cybersecurity.html]
[html.themehour.net/atek/assets/img/pages/home-sass.jpg]
[html.themehour.net/atek/demo/home-sass.html]
[html.themehour.net/atek/assets/img/pages/home-tech-support.jpg]
[html.themehour.net/atek/demo/home-tech-support.html]
[html.themehour.net/atek/assets/img/pages/home-software-development.jpg]
[html.themehour.net/atek/demo/home-software-development.html]
[html.themehour.net/atek/assets/img/pages/home-app-development.jpg]
[html.themehour.net/atek/demo/home-app-development.html]
[html.themehour.net/atek/assets/img/pages/home-it-solutions.jpg]
[html.themehour.net/atek/demo/home-it-solutions.html]
[html.themehour.net/atek/assets/img/pages/home-digital-transformation.jpg]
[html.themehour.net/atek/demo/home-digital-transformation.html]
[html.themehour.net/atek/assets/img/pages/home-data-analytics.jpg]
[html.themehour.net/atek/demo/home-data-analytics.html]
[html.themehour.net/atek/assets/img/pages/home-blockchain-fintech.jpg]
[html.themehour.net/atek/demo/home-blockchain-fintech.html]
[html.themehour.net/atek/assets/img/responsive/responsive_bg.jpg]
[html.themehour.net/atek/assets/img/responsive/device-ml.png]
[html.themehour.net/atek/assets/img/responsive/index-1-ml.png]
[html.themehour.net/atek/assets/img/responsive/index-2-ml.png]
[html.themehour.net/atek/assets/img/responsive/index-3-ml.png]
[html.themehour.net/atek/assets/img/responsive/device-xl.png]
[html.themehour.net/atek/assets/img/responsive/index-1-xl.png]
[html.themehour.net/atek/assets/img/responsive/index-2-xl.png]
[html.themehour.net/atek/assets/img/responsive/index-3-xl.png]
[html.themehour.net/atek/assets/img/responsive/device-lg.png]
[html.themehour.net/atek/assets/img/responsive/index-1-lg.png]
[html.themehour.net/atek/assets/img/responsive/index-2-lg.png]
[html.themehour.net/atek/assets/img/responsive/index-3-lg.png]
[html.themehour.net/atek/assets/img/responsive/device-xs.png]
[html.themehour.net/atek/assets/img/responsive/index-1-xs.png]
[html.themehour.net/atek/assets/img/responsive/index-2-xs.png]
[html.themehour.net/atek/assets/img/responsive/index-3-xs.png]
[html.themehour.net/atek/assets/img/responsive/index-1-thumb.png]
[html.themehour.net/atek/assets/img/responsive/index-2-thumb.png]
[html.themehour.net/atek/assets/img/responsive/index-3-thumb.png]
[html.themehour.net/atek/assets/img/category/cate1.png]
[html.themehour.net/atek/assets/img/category/cate2.png]
[html.themehour.net/atek/assets/img/category/cate3.png]
[html.themehour.net/atek/assets/img/category/cate4.png]
[html.themehour.net/atek/assets/img/category/cate5.png]
[html.themehour.net/atek/assets/img/category/cate6.png]
[html.themehour.net/atek/assets/img/category/cate-shape.png]
[html.themehour.net/atek/assets/img/pages/about.jpg]
[html.themehour.net/atek/demo/about.html]
[html.themehour.net/atek/assets/img/pages/blog.jpg]
[html.themehour.net/atek/demo/blog.html]
[html.themehour.net/atek/assets/img/pages/blog-2.jpg]
[html.themehour.net/atek/assets/img/pages/blog-details.jpg]
[html.themehour.net/atek/demo/blog-details.html]
[html.themehour.net/atek/assets/img/pages/service.jpg]
[html.themehour.net/atek/demo/service.html]
[html.themehour.net/atek/assets/img/pages/service-details.jpg]
[html.themehour.net/atek/demo/service-details.html]
[html.themehour.net/atek/assets/img/pages/team-guide.jpg]
[html.themehour.net/atek/demo/team-guide.html]
[html.themehour.net/atek/assets/img/pages/team-guider-details.jpg]
[html.themehour.net/atek/demo/team-guider-details.html]
[html.themehour.net/atek/assets/img/pages/case-study.jpg]
[html.themehour.net/atek/demo/case-study.html]
[html.themehour.net/atek/assets/img/pages/case-study-details.jpg]
[html.themehour.net/atek/demo/case-study-details.html]
[html.themehour.net/atek/assets/img/pages/shop.jpg]
[html.themehour.net/atek/demo/shop.html]
[html.themehour.net/atek/assets/img/pages/shop-details.jpg]
[html.themehour.net/atek/demo/shop-details.html]
[html.themehour.net/atek/assets/img/pages/cart.jpg]
[html.themehour.net/atek/demo/cart.html]
[html.themehour.net/atek/assets/img/pages/checkout.jpg]
[html.themehour.net/atek/demo/checkout.html]
[html.themehour.net/atek/assets/img/pages/wishlist.jpg]
[html.themehour.net/atek/demo/wishlist.html]
[html.themehour.net/atek/assets/img/pages/career.jpg]
[html.themehour.net/atek/demo/career.html]
[html.themehour.net/atek/assets/img/pages/career-details.jpg]
[html.themehour.net/atek/demo/career-details.html]
[html.themehour.net/atek/assets/img/pages/contact.jpg]
[html.themehour.net/atek/demo/contact.html]
[html.themehour.net/atek/assets/img/pages/contact-2.jpg]
[html.themehour.net/atek/demo/contact-2.html]
[html.themehour.net/atek/assets/img/pages/faq.jpg]
[html.themehour.net/atek/demo/faq.html]
[html.themehour.net/atek/assets/img/pages/price.jpg]
[html.themehour.net/atek/demo/price.html]
[html.themehour.net/atek/assets/img/pages/error.jpg]
[html.themehour.net/atek/demo/error.html]
[html.themehour.net/atek/assets/img/theme-feature/fea-bg-mask.png]
[html.themehour.net/atek/assets/img/theme-feature/feature-1-2.png]
[html.themehour.net/atek/assets/img/theme-feature/feature-1-3.png]
[html.themehour.net/atek/assets/img/theme-feature/feature-1.png]
